[INFO]  === INICIANDO BATERÍA DE TESTS (FASE 7) ===
[INFO]  --- Ejecutando bloque A: Infraestructura ---
./instalar.sh: line 669: /home/julia/llm-wiki-assistant/moodle-matrix-dev/scripts/test-services.sh: Permission denied
[WARN]  Fallo en el bloque de Infraestructura.
[INFO]  --- Ejecutando bloque B: mapeo-api ---
Error response from daemon: container 35cfdc6ba4dce6b090dd6ee354db2141719b5408da5172a8baf9d583a5d72b07 is not running
Error response from daemon: container 35cfdc6ba4dce6b090dd6ee354db2141719b5408da5172a8baf9d583a5d72b07 is not running
[WARN]  Fallo en el bloque de mapeo-api (pytest o alembic).
[INFO]  --- Ejecutando bloque C: Moodle (PHPUnit) ---
Error response from daemon: container c25b17d90bea0b7ca3128319025191e963c51db29576022ca34cac97b560f6f7 is not running
[WARN]  Fallo en el bloque de Moodle (PHPUnit).
[INFO]  --- Ejecutando bloque D: Bot / Worker (pytest) ---
Error response from daemon: container a6046292e12b4a9f6ffcdedacf5f40ac370a4245753b161445fea5b4cf156547 is not running
[WARN]  Fallo en el bloque de Worker/Bot (pytest).
[INFO]  NOTA: El script test_race.py y el test de hot-reload quedan fuera de esta ejecución automatizada por su naturaleza interactiva/disruptiva.
[INFO]  --- Ejecutando bloque E: Doxygen ---
[INFO]  Validación estricta de sintaxis Doxygen...
( 1/49) Installing libgcc (15.2.0-r5)
( 2/49) Installing libstdc++ (15.2.0-r5)
( 3/49) Installing doxygen (1.17.0-r0)
( 4/49) Installing font-cantarell (0.303.1-r3)
( 5/49) Installing libxau (1.0.12-r0)
( 6/49) Installing libmd (1.2.0-r0)
( 7/49) Installing libbsd (0.12.2-r0)
( 8/49) Installing libxdmcp (1.1.5-r1)
( 9/49) Installing libxcb (1.17.0-r2)
(10/49) Installing libx11 (1.8.13-r0)
(11/49) Installing libxext (1.3.7-r0)
(12/49) Installing libxrender (0.9.12-r0)
(13/49) Installing libexpat (2.8.2-r0)
(14/49) Installing brotli-libs (1.2.0-r1)
(15/49) Installing libbz2 (1.0.8-r6)
(16/49) Installing libpng (1.6.58-r1)
(17/49) Installing freetype (2.14.3-r0)
(18/49) Installing fontconfig (2.17.1-r1)
(19/49) Installing pixman (0.46.4-r0)
(20/49) Installing cairo (1.18.4-r1)
(21/49) Installing graphviz-libs (12.2.1-r3)
(22/49) Installing libice (1.1.2-r0)
(23/49) Installing libuuid (2.42.1-r0)
(24/49) Installing libsm (1.2.6-r0)
(25/49) Installing libxt (1.3.1-r0)
(26/49) Installing libxpm (3.5.19-r0)
(27/49) Installing aom-libs (3.14.1-r0)
(28/49) Installing libdav1d (1.5.3-r0)
(29/49) Installing libjpeg-turbo (3.1.3-r0)
(30/49) Installing libyuv (0.0.1928-r0)
(31/49) Installing libavif (1.4.1-r0)
(32/49) Installing libsharpyuv (1.6.0-r0)
(33/49) Installing libwebp (1.6.0-r0)
(34/49) Installing zstd-libs (1.5.7-r2)
(35/49) Installing tiff (4.7.1-r0)
(36/49) Installing libgd (2.3.3-r10)
(37/49) Installing libffi (3.5.2-r1)
(38/49) Installing libintl (1.0-r0)
(39/49) Installing libeconf (0.8.3-r0)
(40/49) Installing libblkid (2.42.1-r0)
(41/49) Installing libmount (2.42.1-r0)
(42/49) Installing pcre2 (10.47-r1)
(43/49) Installing glib (2.88.1-r1)
(44/49) Installing libxft (2.3.9-r0)
(45/49) Installing fribidi (1.0.16-r3)
(46/49) Installing graphite2 (1.3.14-r6)
(47/49) Installing harfbuzz (13.2.1-r0)
(48/49) Installing pango (1.57.1-r0)
(49/49) Installing graphviz (12.2.1-r3)
Executing busybox-1.37.0-r31.trigger
Executing fontconfig-2.17.1-r1.trigger
Executing glib-2.88.1-r1.trigger
Executing graphviz-12.2.1-r3.trigger
OK: 63.9 MiB in 65 packages
Doxygen version used: 1.17.0
Searching for include files...
Searching for example files...
Searching for images...
Searching for dot files...
Searching for msc files...
Searching for dia files...
Searching for plantuml files...
Searching for mermaid files...
Searching for files to exclude
Searching INPUT for files to process...
Searching for files in directory /data/docs
Searching for files in directory /data/moodle-matrix-dev
Searching for files in directory /data/moodle-matrix-dev/backup
Searching for files in directory /data/moodle-matrix-dev/scripts
Searching for files in directory /data/moodle-matrix-dev/maubot
Searching for files in directory /data/moodle-matrix-dev/maubot/plugins
Searching for files in directory /data/moodle-matrix-dev/maubot/trash
Searching for files in directory /data/moodle-matrix-dev/maubot/llm-wiki-assistant-plugin
Searching for files in directory /data/moodle-matrix-dev/maubot/llm-wiki-assistant-plugin/tests
Searching for files in directory /data/moodle-matrix-dev/maubot/llm-wiki-assistant-plugin/sync_worker
Searching for files in directory /data/moodle-matrix-dev/maubot/llm-wiki-assistant-plugin/sync_worker/__pycache__
Searching for files in directory /data/moodle-matrix-dev/maubot/llm-wiki-assistant-plugin/mixins
Searching for files in directory /data/moodle-matrix-dev/maubot/llm-wiki-assistant-plugin/mixins/__pycache__
Searching for files in directory /data/moodle-matrix-dev/maubot/llm-wiki-assistant-plugin/__pycache__
Searching for files in directory /data/moodle-matrix-dev/maubot/dbs
Searching for files in directory /data/moodle-matrix-dev/synapse-data
Searching for files in directory /data/moodle-matrix-dev/synapse-data/__pycache__
Searching for files in directory /data/moodle-matrix-dev/synapse-data/media_store
Searching for files in directory /data/moodle-matrix-dev/synapse-data/media_store/local_content
Searching for files in directory /data/moodle-matrix-dev/synapse-data/media_store/local_content/HB
Searching for files in directory /data/moodle-matrix-dev/synapse-data/media_store/local_content/HB/FU
Searching for files in directory /data/moodle-matrix-dev/synapse-data/media_store/local_content/zx
Searching for files in directory /data/moodle-matrix-dev/synapse-data/media_store/local_content/zx/NU
Searching for files in directory /data/moodle-matrix-dev/moodle_plugins
Searching for files in directory /data/moodle-matrix-dev/moodle_plugins/block_bdc
Searching for files in directory /data/moodle-matrix-dev/moodle_plugins/block_bdc/tests
Searching for files in directory /data/moodle-matrix-dev/moodle_plugins/block_bdc/classes
Searching for files in directory /data/moodle-matrix-dev/moodle_plugins/block_bdc/lang
Searching for files in directory /data/moodle-matrix-dev/moodle_plugins/block_bdc/lang/en
Searching for files in directory /data/moodle-matrix-dev/moodle_plugins/block_bdc/db
Searching for files in directory /data/moodle-matrix-dev/moodle_plugins/block_bdc/api
Searching for files in directory /data/moodle-matrix-dev/moodle_plugins/block_bdc/lib
Searching for files in directory /data/moodle-matrix-dev/mapeo-api
Searching for files in directory /data/moodle-matrix-dev/mapeo-api/tests
Searching for files in directory /data/moodle-matrix-dev/mapeo-api/alembic
Searching for files in directory /data/moodle-matrix-dev/mapeo-api/alembic/versions
Searching for files in directory /data/moodle-matrix-dev/mapeo-api/app
Searching for files in directory /data/moodle-matrix-dev/mapeo-api/app/services
Searching for files in directory /data/moodle-matrix-dev/mapeo-api/app/services/git
Searching for files in directory /data/moodle-matrix-dev/mapeo-api/app/core
Searching for files in directory /data/moodle-matrix-dev/synapse-custom
Reading and parsing tag files
Parsing files
Reading /data/docs/api-mapeo.md...
Reading /data/docs/arquitectura.md...
Reading /data/docs/backup-recuperacion.md...
Reading /data/docs/bot.md...
Reading /data/docs/consideraciones-futuras.md...
Reading /data/docs/decisiones-tecnicas.md...
Reading /data/docs/index.md...
Reading /data/docs/instalacion.md...
Reading /data/docs/logging-interacciones.md...
Reading /data/docs/mapeo-alumno-repositorio.md...
Reading /data/docs/resumen-fases.md...
Reading /data/docs/seguridad.md...
Reading /data/README.md...
Reading /data/moodle-matrix-dev/mapeo-api/alembic/env.py...
Parsing file /data/moodle-matrix-dev/mapeo-api/alembic/env.py...
Reading /data/moodle-matrix-dev/mapeo-api/alembic/versions/0001_baseline.py...
Parsing file /data/moodle-matrix-dev/mapeo-api/alembic/versions/0001_baseline.py...
Reading /data/moodle-matrix-dev/mapeo-api/alembic/versions/4880f2b9ab35_add_moodle_username.py...
Parsing file /data/moodle-matrix-dev/mapeo-api/alembic/versions/4880f2b9ab35_add_moodle_username.py...
Reading /data/moodle-matrix-dev/mapeo-api/alembic/versions/6a8d7211abcd_add_is_teacher.py...
Parsing file /data/moodle-matrix-dev/mapeo-api/alembic/versions/6a8d7211abcd_add_is_teacher.py...
Reading /data/moodle-matrix-dev/mapeo-api/alembic/versions/e99a6b82f5e9_add_official_repo_url.py...
Parsing file /data/moodle-matrix-dev/mapeo-api/alembic/versions/e99a6b82f5e9_add_official_repo_url.py...
Reading /data/moodle-matrix-dev/mapeo-api/app/core/config.py...
Parsing file /data/moodle-matrix-dev/mapeo-api/app/core/config.py...
Reading /data/moodle-matrix-dev/mapeo-api/app/db.py...
Parsing file /data/moodle-matrix-dev/mapeo-api/app/db.py...
Reading /data/moodle-matrix-dev/mapeo-api/app/main.py...
Parsing file /data/moodle-matrix-dev/mapeo-api/app/main.py...
Reading /data/moodle-matrix-dev/mapeo-api/app/models.py...
Parsing file /data/moodle-matrix-dev/mapeo-api/app/models.py...
Reading /data/moodle-matrix-dev/mapeo-api/app/services/git/__init__.py...
Parsing file /data/moodle-matrix-dev/mapeo-api/app/services/git/__init__.py...
Reading /data/moodle-matrix-dev/mapeo-api/app/services/git/base.py...
Parsing file /data/moodle-matrix-dev/mapeo-api/app/services/git/base.py...
Reading /data/moodle-matrix-dev/mapeo-api/app/services/git/github_provider.py...
Parsing file /data/moodle-matrix-dev/mapeo-api/app/services/git/github_provider.py...
Reading /data/moodle-matrix-dev/mapeo-api/app/services/git/gitlab_provider.py...
Parsing file /data/moodle-matrix-dev/mapeo-api/app/services/git/gitlab_provider.py...
Reading /data/moodle-matrix-dev/mapeo-api/app/services/git/self_hosted_provider.py...
Parsing file /data/moodle-matrix-dev/mapeo-api/app/services/git/self_hosted_provider.py...
Reading /data/moodle-matrix-dev/mapeo-api/tests/test_concurrencia.py...
Parsing file /data/moodle-matrix-dev/mapeo-api/tests/test_concurrencia.py...
Reading /data/moodle-matrix-dev/mapeo-api/tests/test_git_provider_factory.py...
Parsing file /data/moodle-matrix-dev/mapeo-api/tests/test_git_provider_factory.py...
Reading /data/moodle-matrix-dev/mapeo-api/tests/test_github_provider.py...
Parsing file /data/moodle-matrix-dev/mapeo-api/tests/test_github_provider.py...
Reading /data/moodle-matrix-dev/mapeo-api/tests/test_mapeos.py...
Parsing file /data/moodle-matrix-dev/mapeo-api/tests/test_mapeos.py...
Reading /data/moodle-matrix-dev/maubot/llm-wiki-assistant-plugin/assistant.py...
Parsing file /data/moodle-matrix-dev/maubot/llm-wiki-assistant-plugin/assistant.py...
Reading /data/moodle-matrix-dev/maubot/llm-wiki-assistant-plugin/git_utils.py...
Parsing file /data/moodle-matrix-dev/maubot/llm-wiki-assistant-plugin/git_utils.py...
Reading /data/moodle-matrix-dev/maubot/llm-wiki-assistant-plugin/mixins/__init__.py...
Parsing file /data/moodle-matrix-dev/maubot/llm-wiki-assistant-plugin/mixins/__init__.py...
Reading /data/moodle-matrix-dev/maubot/llm-wiki-assistant-plugin/mixins/llm_clients.py...
Parsing file /data/moodle-matrix-dev/maubot/llm-wiki-assistant-plugin/mixins/llm_clients.py...
Reading /data/moodle-matrix-dev/maubot/llm-wiki-assistant-plugin/mixins/mapeo_client.py...
Parsing file /data/moodle-matrix-dev/maubot/llm-wiki-assistant-plugin/mixins/mapeo_client.py...
Reading /data/moodle-matrix-dev/maubot/llm-wiki-assistant-plugin/mixins/repo_reader.py...
Parsing file /data/moodle-matrix-dev/maubot/llm-wiki-assistant-plugin/mixins/repo_reader.py...
Reading /data/moodle-matrix-dev/maubot/llm-wiki-assistant-plugin/mixins/vector_store.py...
Parsing file /data/moodle-matrix-dev/maubot/llm-wiki-assistant-plugin/mixins/vector_store.py...
Reading /data/moodle-matrix-dev/maubot/llm-wiki-assistant-plugin/sync_worker/__init__.py...
Parsing file /data/moodle-matrix-dev/maubot/llm-wiki-assistant-plugin/sync_worker/__init__.py...
Reading /data/moodle-matrix-dev/maubot/llm-wiki-assistant-plugin/sync_worker/tasks.py...
Parsing file /data/moodle-matrix-dev/maubot/llm-wiki-assistant-plugin/sync_worker/tasks.py...
Reading /data/moodle-matrix-dev/maubot/llm-wiki-assistant-plugin/tests/__init__.py...
Parsing file /data/moodle-matrix-dev/maubot/llm-wiki-assistant-plugin/tests/__init__.py...
Reading /data/moodle-matrix-dev/maubot/llm-wiki-assistant-plugin/tests/test_bot.py...
Parsing file /data/moodle-matrix-dev/maubot/llm-wiki-assistant-plugin/tests/test_bot.py...
Reading /data/moodle-matrix-dev/maubot/llm-wiki-assistant-plugin/tests/test_fase6.py...
Parsing file /data/moodle-matrix-dev/maubot/llm-wiki-assistant-plugin/tests/test_fase6.py...
Reading /data/moodle-matrix-dev/maubot/mapeo_client.py...
Parsing file /data/moodle-matrix-dev/maubot/mapeo_client.py...
Reading /data/moodle-matrix-dev/maubot/query_db.py...
Parsing file /data/moodle-matrix-dev/maubot/query_db.py...
Reading /data/moodle-matrix-dev/moodle_plugins/block_bdc/api/auth.php...
Parsing file /data/moodle-matrix-dev/moodle_plugins/block_bdc/api/auth.php...
Reading /data/moodle-matrix-dev/moodle_plugins/block_bdc/block_bdc.php...
Parsing file /data/moodle-matrix-dev/moodle_plugins/block_bdc/block_bdc.php...
Reading /data/moodle-matrix-dev/moodle_plugins/block_bdc/classes/observer.php...
Parsing file /data/moodle-matrix-dev/moodle_plugins/block_bdc/classes/observer.php...
Reading /data/moodle-matrix-dev/moodle_plugins/block_bdc/db/access.php...
Parsing file /data/moodle-matrix-dev/moodle_plugins/block_bdc/db/access.php...
Reading /data/moodle-matrix-dev/moodle_plugins/block_bdc/db/events.php...
Parsing file /data/moodle-matrix-dev/moodle_plugins/block_bdc/db/events.php...
Reading /data/moodle-matrix-dev/moodle_plugins/block_bdc/debug.php...
Parsing file /data/moodle-matrix-dev/moodle_plugins/block_bdc/debug.php...
Reading /data/moodle-matrix-dev/moodle_plugins/block_bdc/lang/en/block_bdc.php...
Parsing file /data/moodle-matrix-dev/moodle_plugins/block_bdc/lang/en/block_bdc.php...
Reading /data/moodle-matrix-dev/moodle_plugins/block_bdc/lib/mapeo_client.php...
Parsing file /data/moodle-matrix-dev/moodle_plugins/block_bdc/lib/mapeo_client.php...
Reading /data/moodle-matrix-dev/moodle_plugins/block_bdc/lib/synapse_admin_client.php...
Parsing file /data/moodle-matrix-dev/moodle_plugins/block_bdc/lib/synapse_admin_client.php...
Reading /data/moodle-matrix-dev/moodle_plugins/block_bdc/test_moodle.php...
Parsing file /data/moodle-matrix-dev/moodle_plugins/block_bdc/test_moodle.php...
Reading /data/moodle-matrix-dev/moodle_plugins/block_bdc/test_roles.php...
Parsing file /data/moodle-matrix-dev/moodle_plugins/block_bdc/test_roles.php...
Reading /data/moodle-matrix-dev/moodle_plugins/block_bdc/tests/bdc_creation_test.php...
Parsing file /data/moodle-matrix-dev/moodle_plugins/block_bdc/tests/bdc_creation_test.php...
Reading /data/moodle-matrix-dev/moodle_plugins/block_bdc/version.php...
Parsing file /data/moodle-matrix-dev/moodle_plugins/block_bdc/version.php...
Reading /data/moodle-matrix-dev/moodle_plugins/block_bdc/view.php...
Parsing file /data/moodle-matrix-dev/moodle_plugins/block_bdc/view.php...
Reading /data/moodle-matrix-dev/README.md...
Reading /data/moodle-matrix-dev/scripts/configurar_bdc_core.py...
Parsing file /data/moodle-matrix-dev/scripts/configurar_bdc_core.py...
Reading /data/moodle-matrix-dev/synapse-custom/rest_auth_provider.py...
Parsing file /data/moodle-matrix-dev/synapse-custom/rest_auth_provider.py...
Reading /data/moodle-matrix-dev/synapse-data/rest_auth_provider.py...
Parsing file /data/moodle-matrix-dev/synapse-data/rest_auth_provider.py...
Reading /data/moodle-matrix-dev/test_assistant.py...
Parsing file /data/moodle-matrix-dev/test_assistant.py...
Reading /data/moodle-matrix-dev/test_gemini.py...
Parsing file /data/moodle-matrix-dev/test_gemini.py...
Reading /data/moodle-matrix-dev/test_gemini_5_chunks.py...
Parsing file /data/moodle-matrix-dev/test_gemini_5_chunks.py...
Reading /data/moodle-matrix-dev/test_gemini_empty_context.py...
Parsing file /data/moodle-matrix-dev/test_gemini_empty_context.py...
Reading /data/moodle-matrix-dev/test_heartbeat.py...
Parsing file /data/moodle-matrix-dev/test_heartbeat.py...
Reading /data/moodle-matrix-dev/test_login.php...
Parsing file /data/moodle-matrix-dev/test_login.php...
Reading /data/moodle-matrix-dev/test_matrix.php...
Parsing file /data/moodle-matrix-dev/test_matrix.php...
Reading /data/moodle-matrix-dev/test_model_version.py...
Parsing file /data/moodle-matrix-dev/test_model_version.py...
Reading /data/moodle-matrix-dev/test_push_fail.py...
Parsing file /data/moodle-matrix-dev/test_push_fail.py...
Reading /data/moodle-matrix-dev/test_race.py...
Parsing file /data/moodle-matrix-dev/test_race.py...
Reading /data/moodle-matrix-dev/test_real_context.py...
Parsing file /data/moodle-matrix-dev/test_real_context.py...
Reading /data/moodle-matrix-dev/test_rq.py...
Parsing file /data/moodle-matrix-dev/test_rq.py...
Reading /data/moodle-matrix-dev/test_urllib_gemini.py...
Parsing file /data/moodle-matrix-dev/test_urllib_gemini.py...
Building macro definition list...
Building group list...
Building directory list...
Building namespace list...
Building file list...
Building class list...
Building concept list...
Computing nesting relations for classes...
Associating documentation with classes...
Associating documentation with concepts...
Associating documentation with modules...
Building example list...
Searching for enumerations...
Searching for documented typedefs...
Searching for members imported via using declarations...
Searching for included using directives...
Searching for documented variables...
Building interface member list...
Building member list...
Searching for friends...
Searching for documented defines...
Computing class inheritance relations...
Computing class usage relations...
Flushing cached template relations that have become invalid...
Warn for undocumented namespaces...
Computing class relations...
Add enum values to enums...
Searching for member function documentation...
Creating members for template instances...
Building page list...
Building requirements list...
Search for main page...
Computing page relations...
Determining the scope of groups...
Computing module relations...
Sorting lists...
Determining which enums are documented
Computing member relations...
Building full member lists recursively...
Adding members to member groups.
Computing member references...
Inheriting documentation...
Generating disk names...
Adding source references...
Adding xrefitems...
Adding requirements...
Sorting member lists...
Setting anonymous enum type...
Computing dependencies between directories...
Generating citations page...
Counting members...
Counting data structures...
Resolving user defined references...
Finding anchors and sections in the documentation...
Transferring function references...
Combining using relations...
Adding members to index pages...
Correcting members for VHDL...
Computing tooltip texts...
Generating style sheet...
Generating search indices...
Generating example documentation...
Generating file sources...
Generating code for file moodle-matrix-dev/mapeo-api/alembic/env.py...
Generating code for file moodle-matrix-dev/mapeo-api/alembic/versions/0001_baseline.py...
Generating code for file moodle-matrix-dev/mapeo-api/alembic/versions/4880f2b9ab35_add_moodle_username.py...
Generating code for file moodle-matrix-dev/mapeo-api/alembic/versions/6a8d7211abcd_add_is_teacher.py...
Generating code for file moodle-matrix-dev/mapeo-api/alembic/versions/e99a6b82f5e9_add_official_repo_url.py...
Generating code for file moodle-matrix-dev/mapeo-api/app/core/config.py...
Generating code for file moodle-matrix-dev/mapeo-api/app/db.py...
Generating code for file moodle-matrix-dev/mapeo-api/app/main.py...
Generating code for file moodle-matrix-dev/mapeo-api/app/models.py...
Generating code for file moodle-matrix-dev/mapeo-api/app/services/git/base.py...
Generating code for file moodle-matrix-dev/mapeo-api/app/services/git/github_provider.py...
Generating code for file moodle-matrix-dev/mapeo-api/app/services/git/gitlab_provider.py...
Generating code for file moodle-matrix-dev/mapeo-api/app/services/git/self_hosted_provider.py...
Generating code for file moodle-matrix-dev/mapeo-api/tests/test_concurrencia.py...
Generating code for file moodle-matrix-dev/mapeo-api/tests/test_git_provider_factory.py...
Generating code for file moodle-matrix-dev/mapeo-api/tests/test_github_provider.py...
Generating code for file moodle-matrix-dev/mapeo-api/tests/test_mapeos.py...
Generating code for file moodle-matrix-dev/maubot/llm-wiki-assistant-plugin/assistant.py...
Generating code for file moodle-matrix-dev/maubot/llm-wiki-assistant-plugin/git_utils.py...
Generating code for file moodle-matrix-dev/maubot/llm-wiki-assistant-plugin/mixins/llm_clients.py...
Generating code for file moodle-matrix-dev/maubot/llm-wiki-assistant-plugin/mixins/repo_reader.py...
Generating code for file moodle-matrix-dev/maubot/llm-wiki-assistant-plugin/mixins/vector_store.py...
Generating code for file moodle-matrix-dev/maubot/llm-wiki-assistant-plugin/sync_worker/tasks.py...
Generating code for file moodle-matrix-dev/mapeo-api/app/services/git/__init__.py...
Generating code for file moodle-matrix-dev/maubot/llm-wiki-assistant-plugin/mixins/__init__.py...
Generating code for file moodle-matrix-dev/maubot/llm-wiki-assistant-plugin/sync_worker/__init__.py...
Generating code for file moodle-matrix-dev/maubot/llm-wiki-assistant-plugin/tests/__init__.py...
Generating code for file moodle-matrix-dev/maubot/llm-wiki-assistant-plugin/tests/test_bot.py...
Generating code for file moodle-matrix-dev/maubot/llm-wiki-assistant-plugin/tests/test_fase6.py...
Generating code for file moodle-matrix-dev/maubot/llm-wiki-assistant-plugin/mixins/mapeo_client.py...
Generating code for file moodle-matrix-dev/maubot/mapeo_client.py...
Generating code for file moodle-matrix-dev/maubot/query_db.py...
Generating code for file moodle-matrix-dev/moodle_plugins/block_bdc/api/auth.php...
Generating code for file moodle-matrix-dev/moodle_plugins/block_bdc/classes/observer.php...
Generating code for file moodle-matrix-dev/moodle_plugins/block_bdc/db/access.php...
Generating code for file moodle-matrix-dev/moodle_plugins/block_bdc/db/events.php...
Generating code for file moodle-matrix-dev/moodle_plugins/block_bdc/debug.php...
Generating code for file moodle-matrix-dev/moodle_plugins/block_bdc/block_bdc.php...
Generating code for file moodle-matrix-dev/moodle_plugins/block_bdc/lang/en/block_bdc.php...
Generating code for file moodle-matrix-dev/moodle_plugins/block_bdc/lib/mapeo_client.php...
Generating code for file moodle-matrix-dev/moodle_plugins/block_bdc/lib/synapse_admin_client.php...
Generating code for file moodle-matrix-dev/moodle_plugins/block_bdc/test_moodle.php...
Generating code for file moodle-matrix-dev/moodle_plugins/block_bdc/test_roles.php...
Generating code for file moodle-matrix-dev/moodle_plugins/block_bdc/tests/bdc_creation_test.php...
Generating code for file moodle-matrix-dev/moodle_plugins/block_bdc/version.php...
Generating code for file moodle-matrix-dev/moodle_plugins/block_bdc/view.php...
Generating code for file moodle-matrix-dev/scripts/configurar_bdc_core.py...
Generating code for file moodle-matrix-dev/synapse-custom/rest_auth_provider.py...
Generating code for file moodle-matrix-dev/synapse-data/rest_auth_provider.py...
Generating code for file moodle-matrix-dev/test_assistant.py...
Generating code for file moodle-matrix-dev/test_gemini.py...
Generating code for file moodle-matrix-dev/test_gemini_5_chunks.py...
Generating code for file moodle-matrix-dev/test_gemini_empty_context.py...
Generating code for file moodle-matrix-dev/test_heartbeat.py...
Generating code for file moodle-matrix-dev/test_login.php...
Generating code for file moodle-matrix-dev/test_matrix.php...
Generating code for file moodle-matrix-dev/test_model_version.py...
Generating code for file moodle-matrix-dev/test_push_fail.py...
Generating code for file moodle-matrix-dev/test_race.py...
Generating code for file moodle-matrix-dev/test_real_context.py...
Generating code for file moodle-matrix-dev/test_rq.py...
Generating code for file moodle-matrix-dev/test_urllib_gemini.py...
Generating file documentation...
Generating docs for file docs/api-mapeo.md...
Generating docs for file docs/arquitectura.md...
Generating docs for file docs/backup-recuperacion.md...
Generating docs for file docs/bot.md...
Generating docs for file docs/consideraciones-futuras.md...
Generating docs for file docs/decisiones-tecnicas.md...
Generating docs for file docs/index.md...
Generating docs for file docs/instalacion.md...
Generating docs for file docs/logging-interacciones.md...
Generating docs for file docs/mapeo-alumno-repositorio.md...
Generating docs for file docs/resumen-fases.md...
Generating docs for file docs/seguridad.md...
Generating docs for file moodle-matrix-dev/mapeo-api/alembic/env.py...
Generating docs for file moodle-matrix-dev/mapeo-api/alembic/versions/0001_baseline.py...
Generating docs for file moodle-matrix-dev/mapeo-api/alembic/versions/4880f2b9ab35_add_moodle_username.py...
Generating docs for file moodle-matrix-dev/mapeo-api/alembic/versions/6a8d7211abcd_add_is_teacher.py...
Generating docs for file moodle-matrix-dev/mapeo-api/alembic/versions/e99a6b82f5e9_add_official_repo_url.py...
Generating docs for file moodle-matrix-dev/mapeo-api/app/core/config.py...
Generating docs for file moodle-matrix-dev/mapeo-api/app/db.py...
Generating docs for file moodle-matrix-dev/mapeo-api/app/main.py...
Generating docs for file moodle-matrix-dev/mapeo-api/app/models.py...
Generating docs for file moodle-matrix-dev/mapeo-api/app/services/git/base.py...
Generating docs for file moodle-matrix-dev/mapeo-api/app/services/git/github_provider.py...
Generating docs for file moodle-matrix-dev/mapeo-api/app/services/git/gitlab_provider.py...
Generating docs for file moodle-matrix-dev/mapeo-api/app/services/git/self_hosted_provider.py...
Generating docs for file moodle-matrix-dev/mapeo-api/tests/test_concurrencia.py...
Generating docs for file moodle-matrix-dev/mapeo-api/tests/test_git_provider_factory.py...
Generating docs for file moodle-matrix-dev/mapeo-api/tests/test_github_provider.py...
Generating docs for file moodle-matrix-dev/mapeo-api/tests/test_mapeos.py...
Generating docs for file moodle-matrix-dev/maubot/llm-wiki-assistant-plugin/assistant.py...
Generating docs for file moodle-matrix-dev/maubot/llm-wiki-assistant-plugin/git_utils.py...
Generating docs for file moodle-matrix-dev/maubot/llm-wiki-assistant-plugin/mixins/llm_clients.py...
Generating docs for file moodle-matrix-dev/maubot/llm-wiki-assistant-plugin/mixins/repo_reader.py...
Generating docs for file moodle-matrix-dev/maubot/llm-wiki-assistant-plugin/mixins/vector_store.py...
Generating docs for file moodle-matrix-dev/maubot/llm-wiki-assistant-plugin/sync_worker/tasks.py...
Generating docs for file moodle-matrix-dev/mapeo-api/app/services/git/__init__.py...
Generating docs for file moodle-matrix-dev/maubot/llm-wiki-assistant-plugin/mixins/__init__.py...
Generating docs for file moodle-matrix-dev/maubot/llm-wiki-assistant-plugin/sync_worker/__init__.py...
Generating docs for file moodle-matrix-dev/maubot/llm-wiki-assistant-plugin/tests/__init__.py...
Generating docs for file moodle-matrix-dev/maubot/llm-wiki-assistant-plugin/tests/test_bot.py...
Generating docs for file moodle-matrix-dev/maubot/llm-wiki-assistant-plugin/tests/test_fase6.py...
Generating docs for file moodle-matrix-dev/maubot/llm-wiki-assistant-plugin/mixins/mapeo_client.py...
Generating docs for file moodle-matrix-dev/maubot/mapeo_client.py...
Generating docs for file moodle-matrix-dev/maubot/query_db.py...
Generating docs for file moodle-matrix-dev/moodle_plugins/block_bdc/api/auth.php...
Generating docs for file moodle-matrix-dev/moodle_plugins/block_bdc/classes/observer.php...
Generating docs for file moodle-matrix-dev/moodle_plugins/block_bdc/db/access.php...
Generating docs for file moodle-matrix-dev/moodle_plugins/block_bdc/db/events.php...
Generating docs for file moodle-matrix-dev/moodle_plugins/block_bdc/debug.php...
Generating docs for file moodle-matrix-dev/moodle_plugins/block_bdc/block_bdc.php...
Generating docs for file moodle-matrix-dev/moodle_plugins/block_bdc/lang/en/block_bdc.php...
Generating docs for file moodle-matrix-dev/moodle_plugins/block_bdc/lib/mapeo_client.php...
Generating docs for file moodle-matrix-dev/moodle_plugins/block_bdc/lib/synapse_admin_client.php...
Generating docs for file moodle-matrix-dev/moodle_plugins/block_bdc/test_moodle.php...
Generating docs for file moodle-matrix-dev/moodle_plugins/block_bdc/test_roles.php...
Generating docs for file moodle-matrix-dev/moodle_plugins/block_bdc/tests/bdc_creation_test.php...
Generating docs for file moodle-matrix-dev/moodle_plugins/block_bdc/version.php...
Generating docs for file moodle-matrix-dev/moodle_plugins/block_bdc/view.php...
Generating docs for file moodle-matrix-dev/scripts/configurar_bdc_core.py...
Generating docs for file moodle-matrix-dev/synapse-custom/rest_auth_provider.py...
Generating docs for file moodle-matrix-dev/synapse-data/rest_auth_provider.py...
Generating docs for file moodle-matrix-dev/test_assistant.py...
Generating docs for file moodle-matrix-dev/test_gemini.py...
Generating docs for file moodle-matrix-dev/test_gemini_5_chunks.py...
Generating docs for file moodle-matrix-dev/test_gemini_empty_context.py...
Generating docs for file moodle-matrix-dev/test_heartbeat.py...
Generating docs for file moodle-matrix-dev/test_login.php...
Generating docs for file moodle-matrix-dev/test_matrix.php...
Generating docs for file moodle-matrix-dev/test_model_version.py...
Generating docs for file moodle-matrix-dev/test_push_fail.py...
Generating docs for file moodle-matrix-dev/test_race.py...
Generating docs for file moodle-matrix-dev/test_real_context.py...
Generating docs for file moodle-matrix-dev/test_rq.py...
Generating docs for file moodle-matrix-dev/test_urllib_gemini.py...
Generating docs for file moodle-matrix-dev/README.md...
Generating docs for file README.md...
Generating page documentation...
Generating docs for page md_docs_2api-mapeo...
Generating docs for page md_docs_2arquitectura...
Generating docs for page md_docs_2backup-recuperacion...
Generating docs for page md_docs_2bot...
Generating docs for page md_docs_2consideraciones-futuras...
Generating docs for page decisiones_tecnicas...
Generating docs for page md_docs_2index...
Generating docs for page md_docs_2instalacion...
Generating docs for page md_docs_2logging-interacciones...
Generating docs for page mapeo_alumno_repositorio...
Generating docs for page resumen_fases...
Generating docs for page md_docs_2seguridad...
Generating group documentation...
Generating class documentation...
Generating docs for compound block_bdc...
Generating docs for compound block_bdc_creation_test...
Generating docs for compound block_bdc_mapeo_client...
Generating docs for compound block_bdc_synapse_admin_client...
Generating docs for compound observer...
Generating concept documentation...
Generating module documentation...
Generating namespace documentation...
Generating docs for namespace 0001_baseline
Generating docs for namespace 4880f2b9ab35_add_moodle_username
Generating docs for namespace 6a8d7211abcd_add_is_teacher
Generating docs for namespace _baseline
Generating docs for namespace a8d7211abcd_add_is_teacher
Generating docs for namespace assistant
Generating docs for compound assistant.Config...
Generating docs for compound assistant.LLMWikiAssistantPlugin...
Generating docs for namespace block_bdc
Generating docs for namespace config
Generating docs for compound config.Settings...
Generating docs for namespace configurar_bdc_core
Generating docs for namespace db
Generating docs for compound db.MapeoDB...
Generating docs for namespace e99a6b82f5e9_add_official_repo_url
Generating docs for namespace env
Generating docs for namespace f2b9ab35_add_moodle_username
Generating docs for namespace git
Generating docs for compound git.GitProviderConfigError...
Generating docs for namespace git.base
Generating docs for compound git.base.GitProviderClient...
Generating docs for namespace git.github_provider
Generating docs for compound git.github_provider.GitHubProvisionError...
Generating docs for compound git.github_provider.GitHubProvider...
Generating docs for namespace git.gitlab_provider
Generating docs for compound git.gitlab_provider.GitLabProvisionError...
Generating docs for compound git.gitlab_provider.GitLabProvider...
Generating docs for namespace git.self_hosted_provider
Generating docs for compound git.self_hosted_provider.SelfHostedProvider...
Generating docs for namespace git_utils
Generating docs for compound git_utils.LockAcquisitionError...
Generating docs for namespace main
Generating docs for namespace mapeo_client
Generating docs for compound mapeo_client.MapeoClient...
Generating docs for namespace mixins
Generating docs for namespace mixins.llm_clients
Generating docs for compound mixins.llm_clients.LLMClientError...
Generating docs for compound mixins.llm_clients.LLMClient...
Generating docs for compound mixins.llm_clients.OpenAICompatibleClient...
Generating docs for compound mixins.llm_clients.GeminiClient...
Generating docs for namespace mixins.mapeo_client
Generating docs for compound mixins.mapeo_client.MapeoClientError...
Generating docs for compound mixins.mapeo_client.MapeoClient...
Generating docs for namespace mixins.repo_reader
Generating docs for compound mixins.repo_reader.RepoReaderError...
Generating docs for compound mixins.repo_reader.RepoReader...
Generating docs for namespace mixins.vector_store
Generating docs for compound mixins.vector_store.VectorStore...
Generating docs for namespace models
Generating docs for compound models.MapeoEstado...
Generating docs for compound models.MapeoBase...
Generating docs for compound models.MapeoCreate...
Generating docs for compound models.MapeoRead...
Generating docs for compound models.CursoCreate...
Generating docs for namespace query_db
Generating docs for namespace rest_auth_provider
Generating docs for compound rest_auth_provider.RestAuthProvider...
Generating docs for namespace sync_worker
Generating docs for namespace sync_worker.tasks
Generating docs for namespace test_assistant
Generating docs for namespace test_concurrencia
Generating docs for namespace test_gemini
Generating docs for namespace test_gemini_5_chunks
Generating docs for namespace test_gemini_empty_context
Generating docs for namespace test_git_provider_factory
Generating docs for namespace test_github_provider
Generating docs for namespace test_heartbeat
Generating docs for namespace test_mapeos
Generating docs for namespace test_model_version
Generating docs for namespace test_push_fail
Generating docs for namespace test_race
Generating docs for namespace test_real_context
/data/README.md:18: error: unable to resolve reference to 'fases_implementacion' for \ref command (warning treated as error, aborting now)
Generating docs for namespace test_rq
Generating docs for namespace test_urllib_gemini
Generating docs for namespace tests
Generating docs for namespace tests.test_bot
Generating docs for namespace tests.test_fase6
Generating graph info page...
Generating directory documentation...
Generating index page...
Exiting...
[ OK ]  Documentación verificada sin errores ni enlaces rotos.

=== RESUMEN DE BATERÍA DE TESTS ===
A. Infraestructura Docker : [ FALLO ]
B. API Mapeo              : [ FALLO ]
C. Moodle (PHPUnit)       : [ FALLO ]
D. Bot y Sync Worker      : [ FALLO ]
E. Doxygen (estricto)     : [ PASA  ]
===================================
[ERROR] La batería de tests falló en uno o más subsistemas (ver detalle arriba).
